// Jest Snapshot v1, https://goo.gl/fbAQLP

exports[`<Header/> render in default state 1`] = `
<nav>
  header
</nav>
`;
