// Jest Snapshot v1, https://goo.gl/fbAQLP

exports[`<NoItemFound/> @renders in default state 1`] = `
<div
  className="NoItemFound"
>
  <p>
     No items found 
  </p>
</div>
`;
