// Jest Snapshot v1, https://goo.gl/fbAQLP

exports[`error actions resetApiError() 1`] = `
Object {
  "type": "RESET_API_ERROR",
}
`;
